{"timestamp":"2026-08-09T16:12:54.789241Z","level":"info","event":"DAG bundles loaded: dags-folder","logger":"airflow.dag_processing.bundles.manager.DagBundlesManager","filename":"manager.py","lineno":209}
{"timestamp":"2026-08-09T16:12:54.792359Z","level":"info","event":"Filling up the DagBag from /opt/airflow/dags/orchestrate.py","logger":"airflow.dag_processing.dagbag.BundleDagBag","filename":"dagbag.py","lineno":469}
{"timestamp":"2026-08-09T16:12:54.822901Z","level":"warning","event":"The `airflow.operators.bash.BashOperator` attribute is deprecated. Please use `'airflow.providers.standard.operators.bash.BashOperator'`.","category":"UserWarning","filename":"/opt/airflow/dags/orchestrate.py","lineno":2,"logger":"py.warnings"}
{"timestamp":"2026-08-09T16:12:54.851057Z","level":"info","event":"Tmp dir root location: /tmp","logger":"airflow.task.hooks.airflow.providers.standard.hooks.subprocess.SubprocessHook","filename":"subprocess.py","lineno":78}
{"timestamp":"2026-08-09T16:12:54.851907Z","level":"info","event":"Running command: ['/usr/bin/bash', '-c', 'cd /opt/airflow/walmart_project && dbt run --select silver_b']","logger":"airflow.task.hooks.airflow.providers.standard.hooks.subprocess.SubprocessHook","filename":"subprocess.py","lineno":80}
{"timestamp":"2026-08-09T16:12:54.852771Z","level":"info","event":"Output:","logger":"airflow.task.hooks.airflow.providers.standard.hooks.subprocess.SubprocessHook","filename":"subprocess.py","lineno":92}
{"timestamp":"2026-08-09T16:12:57.228453Z","level":"info","event":"\u001b[0m16:12:57  Running with dbt=1.12.0","logger":"airflow.task.hooks.airflow.providers.standard.hooks.subprocess.SubprocessHook","filename":"subprocess.py","lineno":99}
{"timestamp":"2026-08-09T16:12:59.626206Z","level":"info","event":"\u001b[0m16:12:59  Registered adapter: databricks=1.12.3","logger":"airflow.task.hooks.airflow.providers.standard.hooks.subprocess.SubprocessHook","filename":"subprocess.py","lineno":99}
{"timestamp":"2026-08-09T16:13:01.557443Z","level":"info","event":"\u001b[0m16:13:01  Found 14 models, 5 data tests, 5 snapshots, 6 sources, 774 macros","logger":"airflow.task.hooks.airflow.providers.standard.hooks.subprocess.SubprocessHook","filename":"subprocess.py","lineno":99}
{"timestamp":"2026-08-09T16:13:01.561494Z","level":"info","event":"\u001b[0m16:13:01","logger":"airflow.task.hooks.airflow.providers.standard.hooks.subprocess.SubprocessHook","filename":"subprocess.py","lineno":99}
{"timestamp":"2026-08-09T16:13:01.562547Z","level":"info","event":"\u001b[0m16:13:01  Concurrency: 2 threads (target='dev')","logger":"airflow.task.hooks.airflow.providers.standard.hooks.subprocess.SubprocessHook","filename":"subprocess.py","lineno":99}
{"timestamp":"2026-08-09T16:13:01.565303Z","level":"info","event":"\u001b[0m16:13:01","logger":"airflow.task.hooks.airflow.providers.standard.hooks.subprocess.SubprocessHook","filename":"subprocess.py","lineno":99}
{"timestamp":"2026-08-09T16:13:17.360520Z","level":"info","event":"\u001b[0m16:13:17  1 of 1 START sql table model silver_b.obt_b .................................... [RUN]","logger":"airflow.task.hooks.airflow.providers.standard.hooks.subprocess.SubprocessHook","filename":"subprocess.py","lineno":99}
{"timestamp":"2026-08-09T16:13:29.842379Z","level":"info","event":"\u001b[0m16:13:29  1 of 1 OK created sql table model silver_b.obt_b ............................... [\u001b[32mOK\u001b[0m in 12.47s]","logger":"airflow.task.hooks.airflow.providers.standard.hooks.subprocess.SubprocessHook","filename":"subprocess.py","lineno":99}
{"timestamp":"2026-08-09T16:13:29.855290Z","level":"info","event":"\u001b[0m16:13:29","logger":"airflow.task.hooks.airflow.providers.standard.hooks.subprocess.SubprocessHook","filename":"subprocess.py","lineno":99}
{"timestamp":"2026-08-09T16:13:29.859045Z","level":"info","event":"\u001b[0m16:13:29  Finished running 1 table model in 0 hours 0 minutes and 28.29 seconds (28.29s).","logger":"airflow.task.hooks.airflow.providers.standard.hooks.subprocess.SubprocessHook","filename":"subprocess.py","lineno":99}
{"timestamp":"2026-08-09T16:13:30.442903Z","level":"info","event":"\u001b[0m16:13:30","logger":"airflow.task.hooks.airflow.providers.standard.hooks.subprocess.SubprocessHook","filename":"subprocess.py","lineno":99}
{"timestamp":"2026-08-09T16:13:30.443917Z","level":"info","event":"\u001b[0m16:13:30  \u001b[32mCompleted successfully\u001b[0m","logger":"airflow.task.hooks.airflow.providers.standard.hooks.subprocess.SubprocessHook","filename":"subprocess.py","lineno":99}
{"timestamp":"2026-08-09T16:13:30.444926Z","level":"info","event":"\u001b[0m16:13:30","logger":"airflow.task.hooks.airflow.providers.standard.hooks.subprocess.SubprocessHook","filename":"subprocess.py","lineno":99}
{"timestamp":"2026-08-09T16:13:30.448494Z","level":"info","event":"\u001b[0m16:13:30  Done. PASS=1 WARN=0 ERROR=0 SKIP=0 NO-OP=0 REUSED=0 TOTAL=1","logger":"airflow.task.hooks.airflow.providers.standard.hooks.subprocess.SubprocessHook","filename":"subprocess.py","lineno":99}
{"timestamp":"2026-08-09T16:13:33.201304Z","level":"info","event":"Command exited with return code 0","logger":"airflow.task.hooks.airflow.providers.standard.hooks.subprocess.SubprocessHook","filename":"subprocess.py","lineno":103}
{"timestamp":"2026-08-09T16:13:33.202046Z","level":"info","event":"Pushing xcom","ti":"RuntimeTaskInstance(id=UUID('019fe749-dbd8-7232-a814-7cac3f8aa5cb'), task_id='silver_business', dag_id='orchestrate', run_id='manual__2026-08-09T16:10:05.123251+00:00', try_number=1, dag_version_id=UUID('019fe748-15c9-747b-b4a1-2731307d72db'), map_index=-1, hostname='34d46f8f6f90', context_carrier={'traceparent': '00-0062408a8448d0953cabc1ca469b96d8-452971c17cbdd57e-01'}, task=<Task(BashOperator): silver_business>, bundle_instance=LocalDagBundle(name=dags-folder), max_tries=0, start_date=datetime.datetime(2026, 8, 9, 16, 12, 54, 746479, tzinfo=datetime.timezone.utc), end_date=None, state=<TaskInstanceState.RUNNING: 'running'>, is_mapped=False, rendered_map_index=None, sentry_integration='')","logger":"task","filename":"task_runner.py","lineno":1724}
