{"timestamp":"2026-08-11T17:14:21.081438Z","level":"info","event":"DAG bundles loaded: dags-folder","logger":"airflow.dag_processing.bundles.manager.DagBundlesManager","filename":"manager.py","lineno":209}
{"timestamp":"2026-08-11T17:14:21.087494Z","level":"info","event":"Filling up the DagBag from /opt/airflow/dags/orchestrate.py","logger":"airflow.dag_processing.dagbag.BundleDagBag","filename":"dagbag.py","lineno":469}
{"timestamp":"2026-08-11T17:14:22.761172Z","level":"warning","event":"The `airflow.operators.bash.BashOperator` attribute is deprecated. Please use `'airflow.providers.standard.operators.bash.BashOperator'`.","category":"UserWarning","filename":"/opt/airflow/dags/orchestrate.py","lineno":3,"logger":"py.warnings"}
{"timestamp":"2026-08-11T17:14:22.807967Z","level":"info","event":"Tmp dir root location: /tmp","logger":"airflow.task.hooks.airflow.providers.standard.hooks.subprocess.SubprocessHook","filename":"subprocess.py","lineno":78}
{"timestamp":"2026-08-11T17:14:22.808510Z","level":"info","event":"Running command: ['/usr/bin/bash', '-c', 'dbt run --select silver_t']","logger":"airflow.task.hooks.airflow.providers.standard.hooks.subprocess.SubprocessHook","filename":"subprocess.py","lineno":80}
{"timestamp":"2026-08-11T17:14:22.809950Z","level":"info","event":"Output:","logger":"airflow.task.hooks.airflow.providers.standard.hooks.subprocess.SubprocessHook","filename":"subprocess.py","lineno":92}
{"timestamp":"2026-08-11T17:14:25.552147Z","level":"info","event":"\u001b[0m17:14:25  Running with dbt=1.12.0","logger":"airflow.task.hooks.airflow.providers.standard.hooks.subprocess.SubprocessHook","filename":"subprocess.py","lineno":99}
{"timestamp":"2026-08-11T17:14:28.452600Z","level":"info","event":"\u001b[0m17:14:28  Registered adapter: databricks=1.12.3","logger":"airflow.task.hooks.airflow.providers.standard.hooks.subprocess.SubprocessHook","filename":"subprocess.py","lineno":99}
{"timestamp":"2026-08-11T17:14:29.828043Z","level":"info","event":"\u001b[0m17:14:29  Found 14 models, 5 data tests, 5 snapshots, 6 sources, 774 macros","logger":"airflow.task.hooks.airflow.providers.standard.hooks.subprocess.SubprocessHook","filename":"subprocess.py","lineno":99}
{"timestamp":"2026-08-11T17:14:29.832410Z","level":"info","event":"\u001b[0m17:14:29","logger":"airflow.task.hooks.airflow.providers.standard.hooks.subprocess.SubprocessHook","filename":"subprocess.py","lineno":99}
{"timestamp":"2026-08-11T17:14:29.833641Z","level":"info","event":"\u001b[0m17:14:29  Concurrency: 2 threads (target='dev')","logger":"airflow.task.hooks.airflow.providers.standard.hooks.subprocess.SubprocessHook","filename":"subprocess.py","lineno":99}
{"timestamp":"2026-08-11T17:14:29.834619Z","level":"info","event":"\u001b[0m17:14:29","logger":"airflow.task.hooks.airflow.providers.standard.hooks.subprocess.SubprocessHook","filename":"subprocess.py","lineno":99}
{"timestamp":"2026-08-11T17:14:59.121229Z","level":"info","event":"\u001b[0m17:14:59  2 of 6 START sql incremental model silver_t.employees_t ........................ [RUN]","logger":"airflow.task.hooks.airflow.providers.standard.hooks.subprocess.SubprocessHook","filename":"subprocess.py","lineno":99}
{"timestamp":"2026-08-11T17:14:59.122774Z","level":"info","event":"\u001b[0m17:14:59  1 of 6 START sql incremental model silver_t.customers_t ........................ [RUN]","logger":"airflow.task.hooks.airflow.providers.standard.hooks.subprocess.SubprocessHook","filename":"subprocess.py","lineno":99}
{"timestamp":"2026-08-11T17:15:32.203805Z","level":"info","event":"\u001b[0m17:15:32  1 of 6 OK created sql incremental model silver_t.customers_t ................... [\u001b[32mOK\u001b[0m in 33.07s]","logger":"airflow.task.hooks.airflow.providers.standard.hooks.subprocess.SubprocessHook","filename":"subprocess.py","lineno":99}
{"timestamp":"2026-08-11T17:15:32.210149Z","level":"info","event":"\u001b[0m17:15:32  2 of 6 OK created sql incremental model silver_t.employees_t ................... [\u001b[32mOK\u001b[0m in 33.07s]","logger":"airflow.task.hooks.airflow.providers.standard.hooks.subprocess.SubprocessHook","filename":"subprocess.py","lineno":99}
{"timestamp":"2026-08-11T17:15:32.226783Z","level":"info","event":"\u001b[0m17:15:32  3 of 6 START sql incremental model silver_t.order_items_t ...................... [RUN]","logger":"airflow.task.hooks.airflow.providers.standard.hooks.subprocess.SubprocessHook","filename":"subprocess.py","lineno":99}
{"timestamp":"2026-08-11T17:15:32.228337Z","level":"info","event":"\u001b[0m17:15:32  4 of 6 START sql incremental model silver_t.orders_t ........................... [RUN]","logger":"airflow.task.hooks.airflow.providers.standard.hooks.subprocess.SubprocessHook","filename":"subprocess.py","lineno":99}
{"timestamp":"2026-08-11T17:15:51.542609Z","level":"info","event":"\u001b[0m17:15:51  3 of 6 OK created sql incremental model silver_t.order_items_t ................. [\u001b[32mOK\u001b[0m in 19.31s]","logger":"airflow.task.hooks.airflow.providers.standard.hooks.subprocess.SubprocessHook","filename":"subprocess.py","lineno":99}
{"timestamp":"2026-08-11T17:15:51.548474Z","level":"info","event":"\u001b[0m17:15:51  5 of 6 START sql incremental model silver_t.products_t ......................... [RUN]","logger":"airflow.task.hooks.airflow.providers.standard.hooks.subprocess.SubprocessHook","filename":"subprocess.py","lineno":99}
{"timestamp":"2026-08-11T17:15:52.569573Z","level":"info","event":"\u001b[0m17:15:52  4 of 6 OK created sql incremental model silver_t.orders_t ...................... [\u001b[32mOK\u001b[0m in 20.33s]","logger":"airflow.task.hooks.airflow.providers.standard.hooks.subprocess.SubprocessHook","filename":"subprocess.py","lineno":99}
{"timestamp":"2026-08-11T17:15:52.574371Z","level":"info","event":"\u001b[0m17:15:52  6 of 6 START sql incremental model silver_t.stores_t ........................... [RUN]","logger":"airflow.task.hooks.airflow.providers.standard.hooks.subprocess.SubprocessHook","filename":"subprocess.py","lineno":99}
{"timestamp":"2026-08-11T17:16:09.663021Z","level":"info","event":"\u001b[0m17:16:09  5 of 6 OK created sql incremental model silver_t.products_t .................... [\u001b[32mOK\u001b[0m in 18.11s]","logger":"airflow.task.hooks.airflow.providers.standard.hooks.subprocess.SubprocessHook","filename":"subprocess.py","lineno":99}
{"timestamp":"2026-08-11T17:16:10.423247Z","level":"info","event":"\u001b[0m17:16:10  6 of 6 OK created sql incremental model silver_t.stores_t ...................... [\u001b[32mOK\u001b[0m in 17.83s]","logger":"airflow.task.hooks.airflow.providers.standard.hooks.subprocess.SubprocessHook","filename":"subprocess.py","lineno":99}
{"timestamp":"2026-08-11T17:16:10.442947Z","level":"info","event":"\u001b[0m17:16:10","logger":"airflow.task.hooks.airflow.providers.standard.hooks.subprocess.SubprocessHook","filename":"subprocess.py","lineno":99}
{"timestamp":"2026-08-11T17:16:10.445043Z","level":"info","event":"\u001b[0m17:16:10  Finished running 6 incremental models in 0 hours 1 minutes and 40.61 seconds (100.61s).","logger":"airflow.task.hooks.airflow.providers.standard.hooks.subprocess.SubprocessHook","filename":"subprocess.py","lineno":99}
{"timestamp":"2026-08-11T17:16:10.686111Z","level":"info","event":"\u001b[0m17:16:10","logger":"airflow.task.hooks.airflow.providers.standard.hooks.subprocess.SubprocessHook","filename":"subprocess.py","lineno":99}
{"timestamp":"2026-08-11T17:16:10.687780Z","level":"info","event":"\u001b[0m17:16:10  \u001b[32mCompleted successfully\u001b[0m","logger":"airflow.task.hooks.airflow.providers.standard.hooks.subprocess.SubprocessHook","filename":"subprocess.py","lineno":99}
{"timestamp":"2026-08-11T17:16:10.688869Z","level":"info","event":"\u001b[0m17:16:10","logger":"airflow.task.hooks.airflow.providers.standard.hooks.subprocess.SubprocessHook","filename":"subprocess.py","lineno":99}
{"timestamp":"2026-08-11T17:16:10.690726Z","level":"info","event":"\u001b[0m17:16:10  Done. PASS=6 WARN=0 ERROR=0 SKIP=0 NO-OP=0 REUSED=0 TOTAL=6","logger":"airflow.task.hooks.airflow.providers.standard.hooks.subprocess.SubprocessHook","filename":"subprocess.py","lineno":99}
{"timestamp":"2026-08-11T17:16:14.403219Z","level":"info","event":"Command exited with return code 0","logger":"airflow.task.hooks.airflow.providers.standard.hooks.subprocess.SubprocessHook","filename":"subprocess.py","lineno":103}
{"timestamp":"2026-08-11T17:16:14.404316Z","level":"info","event":"Pushing xcom","ti":"RuntimeTaskInstance(id=UUID('019ff1cf-ecee-7cec-859f-838f42b9e23e'), task_id='silver_technical', dag_id='orchestrate', run_id='manual__2026-08-11T17:12:43.450907+00:00', try_number=1, dag_version_id=UUID('019fe751-b769-7b79-a728-6e5d417bf061'), map_index=-1, hostname='34d46f8f6f90', context_carrier={'traceparent': '00-95536c1a8a78f7e026e58bbf19a26084-dd09fe59e4fb09d7-01'}, task=<Task(BashOperator): silver_technical>, bundle_instance=LocalDagBundle(name=dags-folder), max_tries=0, start_date=datetime.datetime(2026, 8, 11, 17, 14, 21, 5520, tzinfo=datetime.timezone.utc), end_date=None, state=<TaskInstanceState.RUNNING: 'running'>, is_mapped=False, rendered_map_index=None, sentry_integration='')","logger":"task","filename":"task_runner.py","lineno":1724}
