{"timestamp":"2026-08-11T17:16:50.494481Z","level":"info","event":"DAG bundles loaded: dags-folder","logger":"airflow.dag_processing.bundles.manager.DagBundlesManager","filename":"manager.py","lineno":209}
{"timestamp":"2026-08-11T17:16:50.497473Z","level":"info","event":"Filling up the DagBag from /opt/airflow/dags/orchestrate.py","logger":"airflow.dag_processing.dagbag.BundleDagBag","filename":"dagbag.py","lineno":469}
{"timestamp":"2026-08-11T17:16:52.198635Z","level":"warning","event":"The `airflow.operators.bash.BashOperator` attribute is deprecated. Please use `'airflow.providers.standard.operators.bash.BashOperator'`.","category":"UserWarning","filename":"/opt/airflow/dags/orchestrate.py","lineno":3,"logger":"py.warnings"}
{"timestamp":"2026-08-11T17:16:52.275338Z","level":"info","event":"Tmp dir root location: /tmp","logger":"airflow.task.hooks.airflow.providers.standard.hooks.subprocess.SubprocessHook","filename":"subprocess.py","lineno":78}
{"timestamp":"2026-08-11T17:16:52.276280Z","level":"info","event":"Running command: ['/usr/bin/bash', '-c', 'dbt run --select silver_b']","logger":"airflow.task.hooks.airflow.providers.standard.hooks.subprocess.SubprocessHook","filename":"subprocess.py","lineno":80}
{"timestamp":"2026-08-11T17:16:52.277617Z","level":"info","event":"Output:","logger":"airflow.task.hooks.airflow.providers.standard.hooks.subprocess.SubprocessHook","filename":"subprocess.py","lineno":92}
{"timestamp":"2026-08-11T17:16:54.975140Z","level":"info","event":"\u001b[0m17:16:54  Running with dbt=1.12.0","logger":"airflow.task.hooks.airflow.providers.standard.hooks.subprocess.SubprocessHook","filename":"subprocess.py","lineno":99}
{"timestamp":"2026-08-11T17:16:57.809880Z","level":"info","event":"\u001b[0m17:16:57  Registered adapter: databricks=1.12.3","logger":"airflow.task.hooks.airflow.providers.standard.hooks.subprocess.SubprocessHook","filename":"subprocess.py","lineno":99}
{"timestamp":"2026-08-11T17:16:59.385535Z","level":"info","event":"\u001b[0m17:16:59  Found 14 models, 5 data tests, 5 snapshots, 6 sources, 774 macros","logger":"airflow.task.hooks.airflow.providers.standard.hooks.subprocess.SubprocessHook","filename":"subprocess.py","lineno":99}
{"timestamp":"2026-08-11T17:16:59.389929Z","level":"info","event":"\u001b[0m17:16:59","logger":"airflow.task.hooks.airflow.providers.standard.hooks.subprocess.SubprocessHook","filename":"subprocess.py","lineno":99}
{"timestamp":"2026-08-11T17:16:59.390866Z","level":"info","event":"\u001b[0m17:16:59  Concurrency: 2 threads (target='dev')","logger":"airflow.task.hooks.airflow.providers.standard.hooks.subprocess.SubprocessHook","filename":"subprocess.py","lineno":99}
{"timestamp":"2026-08-11T17:16:59.391684Z","level":"info","event":"\u001b[0m17:16:59","logger":"airflow.task.hooks.airflow.providers.standard.hooks.subprocess.SubprocessHook","filename":"subprocess.py","lineno":99}
{"timestamp":"2026-08-11T17:17:15.594327Z","level":"info","event":"\u001b[0m17:17:15  1 of 1 START sql table model silver_b.obt_b .................................... [RUN]","logger":"airflow.task.hooks.airflow.providers.standard.hooks.subprocess.SubprocessHook","filename":"subprocess.py","lineno":99}
{"timestamp":"2026-08-11T17:17:26.977592Z","level":"info","event":"\u001b[0m17:17:26  1 of 1 OK created sql table model silver_b.obt_b ............................... [\u001b[32mOK\u001b[0m in 11.38s]","logger":"airflow.task.hooks.airflow.providers.standard.hooks.subprocess.SubprocessHook","filename":"subprocess.py","lineno":99}
{"timestamp":"2026-08-11T17:17:26.985649Z","level":"info","event":"\u001b[0m17:17:26","logger":"airflow.task.hooks.airflow.providers.standard.hooks.subprocess.SubprocessHook","filename":"subprocess.py","lineno":99}
{"timestamp":"2026-08-11T17:17:26.986977Z","level":"info","event":"\u001b[0m17:17:26  Finished running 1 table model in 0 hours 0 minutes and 27.59 seconds (27.59s).","logger":"airflow.task.hooks.airflow.providers.standard.hooks.subprocess.SubprocessHook","filename":"subprocess.py","lineno":99}
{"timestamp":"2026-08-11T17:17:27.201437Z","level":"info","event":"\u001b[0m17:17:27","logger":"airflow.task.hooks.airflow.providers.standard.hooks.subprocess.SubprocessHook","filename":"subprocess.py","lineno":99}
{"timestamp":"2026-08-11T17:17:27.202448Z","level":"info","event":"\u001b[0m17:17:27  \u001b[32mCompleted successfully\u001b[0m","logger":"airflow.task.hooks.airflow.providers.standard.hooks.subprocess.SubprocessHook","filename":"subprocess.py","lineno":99}
{"timestamp":"2026-08-11T17:17:27.203483Z","level":"info","event":"\u001b[0m17:17:27","logger":"airflow.task.hooks.airflow.providers.standard.hooks.subprocess.SubprocessHook","filename":"subprocess.py","lineno":99}
{"timestamp":"2026-08-11T17:17:27.204585Z","level":"info","event":"\u001b[0m17:17:27  Done. PASS=1 WARN=0 ERROR=0 SKIP=0 NO-OP=0 REUSED=0 TOTAL=1","logger":"airflow.task.hooks.airflow.providers.standard.hooks.subprocess.SubprocessHook","filename":"subprocess.py","lineno":99}
{"timestamp":"2026-08-11T17:17:30.314953Z","level":"info","event":"Command exited with return code 0","logger":"airflow.task.hooks.airflow.providers.standard.hooks.subprocess.SubprocessHook","filename":"subprocess.py","lineno":103}
{"timestamp":"2026-08-11T17:17:30.316148Z","level":"info","event":"Pushing xcom","ti":"RuntimeTaskInstance(id=UUID('019ff1cf-ecf0-7f74-9518-da1028b496e1'), task_id='silver_business', dag_id='orchestrate', run_id='manual__2026-08-11T17:12:43.450907+00:00', try_number=1, dag_version_id=UUID('019fe751-b769-7b79-a728-6e5d417bf061'), map_index=-1, hostname='34d46f8f6f90', context_carrier={'traceparent': '00-95536c1a8a78f7e026e58bbf19a26084-dd09fe59e4fb09d7-01'}, task=<Task(BashOperator): silver_business>, bundle_instance=LocalDagBundle(name=dags-folder), max_tries=0, start_date=datetime.datetime(2026, 8, 11, 17, 16, 50, 442901, tzinfo=datetime.timezone.utc), end_date=None, state=<TaskInstanceState.RUNNING: 'running'>, is_mapped=False, rendered_map_index=None, sentry_integration='')","logger":"task","filename":"task_runner.py","lineno":1724}
