{"timestamp":"2026-08-09T16:19:08.660404Z","level":"info","event":"DAG bundles loaded: dags-folder","logger":"airflow.dag_processing.bundles.manager.DagBundlesManager","filename":"manager.py","lineno":209}
{"timestamp":"2026-08-09T16:19:08.664192Z","level":"info","event":"Filling up the DagBag from /opt/airflow/dags/orchestrate.py","logger":"airflow.dag_processing.dagbag.BundleDagBag","filename":"dagbag.py","lineno":469}
{"timestamp":"2026-08-09T16:19:08.747609Z","level":"warning","event":"The `airflow.operators.bash.BashOperator` attribute is deprecated. Please use `'airflow.providers.standard.operators.bash.BashOperator'`.","category":"UserWarning","filename":"/opt/airflow/dags/orchestrate.py","lineno":2,"logger":"py.warnings"}
{"timestamp":"2026-08-09T16:19:08.778775Z","level":"info","event":"Tmp dir root location: /tmp","logger":"airflow.task.hooks.airflow.providers.standard.hooks.subprocess.SubprocessHook","filename":"subprocess.py","lineno":78}
{"timestamp":"2026-08-09T16:19:08.778976Z","level":"info","event":"Running command: ['/usr/bin/bash', '-c', 'dbt run --select silver_t']","logger":"airflow.task.hooks.airflow.providers.standard.hooks.subprocess.SubprocessHook","filename":"subprocess.py","lineno":80}
{"timestamp":"2026-08-09T16:19:08.779906Z","level":"info","event":"Output:","logger":"airflow.task.hooks.airflow.providers.standard.hooks.subprocess.SubprocessHook","filename":"subprocess.py","lineno":92}
{"timestamp":"2026-08-09T16:19:11.157522Z","level":"info","event":"\u001b[0m16:19:11  Running with dbt=1.12.0","logger":"airflow.task.hooks.airflow.providers.standard.hooks.subprocess.SubprocessHook","filename":"subprocess.py","lineno":99}
{"timestamp":"2026-08-09T16:19:13.798889Z","level":"info","event":"\u001b[0m16:19:13  Registered adapter: databricks=1.12.3","logger":"airflow.task.hooks.airflow.providers.standard.hooks.subprocess.SubprocessHook","filename":"subprocess.py","lineno":99}
{"timestamp":"2026-08-09T16:19:16.243845Z","level":"info","event":"\u001b[0m16:19:16  Found 14 models, 5 data tests, 5 snapshots, 6 sources, 774 macros","logger":"airflow.task.hooks.airflow.providers.standard.hooks.subprocess.SubprocessHook","filename":"subprocess.py","lineno":99}
{"timestamp":"2026-08-09T16:19:16.248545Z","level":"info","event":"\u001b[0m16:19:16","logger":"airflow.task.hooks.airflow.providers.standard.hooks.subprocess.SubprocessHook","filename":"subprocess.py","lineno":99}
{"timestamp":"2026-08-09T16:19:16.249455Z","level":"info","event":"\u001b[0m16:19:16  Concurrency: 2 threads (target='dev')","logger":"airflow.task.hooks.airflow.providers.standard.hooks.subprocess.SubprocessHook","filename":"subprocess.py","lineno":99}
{"timestamp":"2026-08-09T16:19:16.250173Z","level":"info","event":"\u001b[0m16:19:16","logger":"airflow.task.hooks.airflow.providers.standard.hooks.subprocess.SubprocessHook","filename":"subprocess.py","lineno":99}
{"timestamp":"2026-08-09T16:19:33.981706Z","level":"info","event":"\u001b[0m16:19:33  2 of 6 START sql incremental model silver_t.employees_t ........................ [RUN]","logger":"airflow.task.hooks.airflow.providers.standard.hooks.subprocess.SubprocessHook","filename":"subprocess.py","lineno":99}
{"timestamp":"2026-08-09T16:19:33.982783Z","level":"info","event":"\u001b[0m16:19:33  1 of 6 START sql incremental model silver_t.customers_t ........................ [RUN]","logger":"airflow.task.hooks.airflow.providers.standard.hooks.subprocess.SubprocessHook","filename":"subprocess.py","lineno":99}
{"timestamp":"2026-08-09T16:19:48.613588Z","level":"info","event":"\u001b[0m16:19:48  1 of 6 OK created sql incremental model silver_t.customers_t ................... [\u001b[32mOK\u001b[0m in 14.62s]","logger":"airflow.task.hooks.airflow.providers.standard.hooks.subprocess.SubprocessHook","filename":"subprocess.py","lineno":99}
{"timestamp":"2026-08-09T16:19:48.617019Z","level":"info","event":"\u001b[0m16:19:48  3 of 6 START sql incremental model silver_t.order_items_t ...................... [RUN]","logger":"airflow.task.hooks.airflow.providers.standard.hooks.subprocess.SubprocessHook","filename":"subprocess.py","lineno":99}
{"timestamp":"2026-08-09T16:19:49.331735Z","level":"info","event":"\u001b[0m16:19:49  2 of 6 OK created sql incremental model silver_t.employees_t ................... [\u001b[32mOK\u001b[0m in 15.35s]","logger":"airflow.task.hooks.airflow.providers.standard.hooks.subprocess.SubprocessHook","filename":"subprocess.py","lineno":99}
{"timestamp":"2026-08-09T16:19:49.339076Z","level":"info","event":"\u001b[0m16:19:49  4 of 6 START sql incremental model silver_t.orders_t ........................... [RUN]","logger":"airflow.task.hooks.airflow.providers.standard.hooks.subprocess.SubprocessHook","filename":"subprocess.py","lineno":99}
{"timestamp":"2026-08-09T16:20:03.457939Z","level":"info","event":"\u001b[0m16:20:03  3 of 6 OK created sql incremental model silver_t.order_items_t ................. [\u001b[32mOK\u001b[0m in 14.84s]","logger":"airflow.task.hooks.airflow.providers.standard.hooks.subprocess.SubprocessHook","filename":"subprocess.py","lineno":99}
{"timestamp":"2026-08-09T16:20:03.461457Z","level":"info","event":"\u001b[0m16:20:03  5 of 6 START sql incremental model silver_t.products_t ......................... [RUN]","logger":"airflow.task.hooks.airflow.providers.standard.hooks.subprocess.SubprocessHook","filename":"subprocess.py","lineno":99}
{"timestamp":"2026-08-09T16:20:05.310348Z","level":"info","event":"\u001b[0m16:20:05  4 of 6 OK created sql incremental model silver_t.orders_t ...................... [\u001b[32mOK\u001b[0m in 15.96s]","logger":"airflow.task.hooks.airflow.providers.standard.hooks.subprocess.SubprocessHook","filename":"subprocess.py","lineno":99}
{"timestamp":"2026-08-09T16:20:05.317796Z","level":"info","event":"\u001b[0m16:20:05  6 of 6 START sql incremental model silver_t.stores_t ........................... [RUN]","logger":"airflow.task.hooks.airflow.providers.standard.hooks.subprocess.SubprocessHook","filename":"subprocess.py","lineno":99}
{"timestamp":"2026-08-09T16:20:18.202227Z","level":"info","event":"\u001b[0m16:20:18  5 of 6 OK created sql incremental model silver_t.products_t .................... [\u001b[32mOK\u001b[0m in 14.74s]","logger":"airflow.task.hooks.airflow.providers.standard.hooks.subprocess.SubprocessHook","filename":"subprocess.py","lineno":99}
{"timestamp":"2026-08-09T16:20:20.160519Z","level":"info","event":"\u001b[0m16:20:20  6 of 6 OK created sql incremental model silver_t.stores_t ...................... [\u001b[32mOK\u001b[0m in 14.84s]","logger":"airflow.task.hooks.airflow.providers.standard.hooks.subprocess.SubprocessHook","filename":"subprocess.py","lineno":99}
{"timestamp":"2026-08-09T16:20:20.167062Z","level":"info","event":"\u001b[0m16:20:20","logger":"airflow.task.hooks.airflow.providers.standard.hooks.subprocess.SubprocessHook","filename":"subprocess.py","lineno":99}
{"timestamp":"2026-08-09T16:20:20.167869Z","level":"info","event":"\u001b[0m16:20:20  Finished running 6 incremental models in 0 hours 1 minutes and 3.92 seconds (63.92s).","logger":"airflow.task.hooks.airflow.providers.standard.hooks.subprocess.SubprocessHook","filename":"subprocess.py","lineno":99}
{"timestamp":"2026-08-09T16:20:20.301618Z","level":"info","event":"\u001b[0m16:20:20","logger":"airflow.task.hooks.airflow.providers.standard.hooks.subprocess.SubprocessHook","filename":"subprocess.py","lineno":99}
{"timestamp":"2026-08-09T16:20:20.302486Z","level":"info","event":"\u001b[0m16:20:20  \u001b[32mCompleted successfully\u001b[0m","logger":"airflow.task.hooks.airflow.providers.standard.hooks.subprocess.SubprocessHook","filename":"subprocess.py","lineno":99}
{"timestamp":"2026-08-09T16:20:20.303364Z","level":"info","event":"\u001b[0m16:20:20","logger":"airflow.task.hooks.airflow.providers.standard.hooks.subprocess.SubprocessHook","filename":"subprocess.py","lineno":99}
{"timestamp":"2026-08-09T16:20:20.304467Z","level":"info","event":"\u001b[0m16:20:20  Done. PASS=6 WARN=0 ERROR=0 SKIP=0 NO-OP=0 REUSED=0 TOTAL=6","logger":"airflow.task.hooks.airflow.providers.standard.hooks.subprocess.SubprocessHook","filename":"subprocess.py","lineno":99}
{"timestamp":"2026-08-09T16:20:23.802724Z","level":"info","event":"Command exited with return code 0","logger":"airflow.task.hooks.airflow.providers.standard.hooks.subprocess.SubprocessHook","filename":"subprocess.py","lineno":103}
{"timestamp":"2026-08-09T16:20:23.803221Z","level":"info","event":"Pushing xcom","ti":"RuntimeTaskInstance(id=UUID('019fe751-e2d4-760b-b20e-2f489911af91'), task_id='silver_technical', dag_id='orchestrate', run_id='manual__2026-08-09T16:18:51.198000+00:00', try_number=1, dag_version_id=UUID('019fe751-b769-7b79-a728-6e5d417bf061'), map_index=-1, hostname='34d46f8f6f90', context_carrier={'traceparent': '00-611bf4315712abaf9a857a0ab4bb17a3-a997c80cfd187418-01'}, task=<Task(BashOperator): silver_technical>, bundle_instance=LocalDagBundle(name=dags-folder), max_tries=0, start_date=datetime.datetime(2026, 8, 9, 16, 19, 8, 609573, tzinfo=datetime.timezone.utc), end_date=None, state=<TaskInstanceState.RUNNING: 'running'>, is_mapped=False, rendered_map_index=None, sentry_integration='')","logger":"task","filename":"task_runner.py","lineno":1724}
