{"timestamp":"2026-08-09T18:28:42.680547Z","level":"info","event":"DAG bundles loaded: dags-folder","logger":"airflow.dag_processing.bundles.manager.DagBundlesManager","filename":"manager.py","lineno":209}
{"timestamp":"2026-08-09T18:28:42.683310Z","level":"info","event":"Filling up the DagBag from /opt/airflow/dags/orchestrate.py","logger":"airflow.dag_processing.dagbag.BundleDagBag","filename":"dagbag.py","lineno":469}
{"timestamp":"2026-08-09T18:28:44.170034Z","level":"warning","event":"The `airflow.operators.bash.BashOperator` attribute is deprecated. Please use `'airflow.providers.standard.operators.bash.BashOperator'`.","category":"UserWarning","filename":"/opt/airflow/dags/orchestrate.py","lineno":3,"logger":"py.warnings"}
{"timestamp":"2026-08-09T18:28:44.207126Z","level":"info","event":"Tmp dir root location: /tmp","logger":"airflow.task.hooks.airflow.providers.standard.hooks.subprocess.SubprocessHook","filename":"subprocess.py","lineno":78}
{"timestamp":"2026-08-09T18:28:44.207498Z","level":"info","event":"Running command: ['/usr/bin/bash', '-c', 'dbt run --select silver_b']","logger":"airflow.task.hooks.airflow.providers.standard.hooks.subprocess.SubprocessHook","filename":"subprocess.py","lineno":80}
{"timestamp":"2026-08-09T18:28:44.208843Z","level":"info","event":"Output:","logger":"airflow.task.hooks.airflow.providers.standard.hooks.subprocess.SubprocessHook","filename":"subprocess.py","lineno":92}
{"timestamp":"2026-08-09T18:28:46.556852Z","level":"info","event":"\u001b[0m18:28:46  Running with dbt=1.12.0","logger":"airflow.task.hooks.airflow.providers.standard.hooks.subprocess.SubprocessHook","filename":"subprocess.py","lineno":99}
{"timestamp":"2026-08-09T18:28:49.109783Z","level":"info","event":"\u001b[0m18:28:49  Registered adapter: databricks=1.12.3","logger":"airflow.task.hooks.airflow.providers.standard.hooks.subprocess.SubprocessHook","filename":"subprocess.py","lineno":99}
{"timestamp":"2026-08-09T18:28:50.535538Z","level":"info","event":"\u001b[0m18:28:50  Found 14 models, 5 data tests, 5 snapshots, 6 sources, 774 macros","logger":"airflow.task.hooks.airflow.providers.standard.hooks.subprocess.SubprocessHook","filename":"subprocess.py","lineno":99}
{"timestamp":"2026-08-09T18:28:50.539742Z","level":"info","event":"\u001b[0m18:28:50","logger":"airflow.task.hooks.airflow.providers.standard.hooks.subprocess.SubprocessHook","filename":"subprocess.py","lineno":99}
{"timestamp":"2026-08-09T18:28:50.540587Z","level":"info","event":"\u001b[0m18:28:50  Concurrency: 2 threads (target='dev')","logger":"airflow.task.hooks.airflow.providers.standard.hooks.subprocess.SubprocessHook","filename":"subprocess.py","lineno":99}
{"timestamp":"2026-08-09T18:28:50.541502Z","level":"info","event":"\u001b[0m18:28:50","logger":"airflow.task.hooks.airflow.providers.standard.hooks.subprocess.SubprocessHook","filename":"subprocess.py","lineno":99}
{"timestamp":"2026-08-09T18:29:07.318042Z","level":"info","event":"\u001b[0m18:29:07  1 of 1 START sql table model silver_b.obt_b .................................... [RUN]","logger":"airflow.task.hooks.airflow.providers.standard.hooks.subprocess.SubprocessHook","filename":"subprocess.py","lineno":99}
{"timestamp":"2026-08-09T18:29:18.793191Z","level":"info","event":"\u001b[0m18:29:18  1 of 1 OK created sql table model silver_b.obt_b ............................... [\u001b[32mOK\u001b[0m in 11.47s]","logger":"airflow.task.hooks.airflow.providers.standard.hooks.subprocess.SubprocessHook","filename":"subprocess.py","lineno":99}
{"timestamp":"2026-08-09T18:29:18.807918Z","level":"info","event":"\u001b[0m18:29:18","logger":"airflow.task.hooks.airflow.providers.standard.hooks.subprocess.SubprocessHook","filename":"subprocess.py","lineno":99}
{"timestamp":"2026-08-09T18:29:18.809287Z","level":"info","event":"\u001b[0m18:29:18  Finished running 1 table model in 0 hours 0 minutes and 28.27 seconds (28.27s).","logger":"airflow.task.hooks.airflow.providers.standard.hooks.subprocess.SubprocessHook","filename":"subprocess.py","lineno":99}
{"timestamp":"2026-08-09T18:29:19.045114Z","level":"info","event":"\u001b[0m18:29:19","logger":"airflow.task.hooks.airflow.providers.standard.hooks.subprocess.SubprocessHook","filename":"subprocess.py","lineno":99}
{"timestamp":"2026-08-09T18:29:19.046691Z","level":"info","event":"\u001b[0m18:29:19  \u001b[32mCompleted successfully\u001b[0m","logger":"airflow.task.hooks.airflow.providers.standard.hooks.subprocess.SubprocessHook","filename":"subprocess.py","lineno":99}
{"timestamp":"2026-08-09T18:29:19.047861Z","level":"info","event":"\u001b[0m18:29:19","logger":"airflow.task.hooks.airflow.providers.standard.hooks.subprocess.SubprocessHook","filename":"subprocess.py","lineno":99}
{"timestamp":"2026-08-09T18:29:19.048905Z","level":"info","event":"\u001b[0m18:29:19  Done. PASS=1 WARN=0 ERROR=0 SKIP=0 NO-OP=0 REUSED=0 TOTAL=1","logger":"airflow.task.hooks.airflow.providers.standard.hooks.subprocess.SubprocessHook","filename":"subprocess.py","lineno":99}
{"timestamp":"2026-08-09T18:29:21.691031Z","level":"info","event":"Command exited with return code 0","logger":"airflow.task.hooks.airflow.providers.standard.hooks.subprocess.SubprocessHook","filename":"subprocess.py","lineno":103}
{"timestamp":"2026-08-09T18:29:21.691678Z","level":"info","event":"Pushing xcom","ti":"RuntimeTaskInstance(id=UUID('019fe7c5-34aa-713a-b8f7-f52ad7e55b3b'), task_id='silver_business', dag_id='orchestrate', run_id='manual__2026-08-09T18:24:48.772985+00:00', try_number=1, dag_version_id=UUID('019fe751-b769-7b79-a728-6e5d417bf061'), map_index=-1, hostname='34d46f8f6f90', context_carrier={'traceparent': '00-6b6ee0ce68e2770f85a0d61be1991aa6-9555a1b6384b93a6-01'}, task=<Task(BashOperator): silver_business>, bundle_instance=LocalDagBundle(name=dags-folder), max_tries=0, start_date=datetime.datetime(2026, 8, 9, 18, 28, 42, 637015, tzinfo=datetime.timezone.utc), end_date=None, state=<TaskInstanceState.RUNNING: 'running'>, is_mapped=False, rendered_map_index=None, sentry_integration='')","logger":"task","filename":"task_runner.py","lineno":1724}
