{"timestamp":"2026-08-09T18:30:02.172066Z","level":"info","event":"DAG bundles loaded: dags-folder","logger":"airflow.dag_processing.bundles.manager.DagBundlesManager","filename":"manager.py","lineno":209}
{"timestamp":"2026-08-09T18:30:02.175083Z","level":"info","event":"Filling up the DagBag from /opt/airflow/dags/orchestrate.py","logger":"airflow.dag_processing.dagbag.BundleDagBag","filename":"dagbag.py","lineno":469}
{"timestamp":"2026-08-09T18:30:03.555913Z","level":"warning","event":"The `airflow.operators.bash.BashOperator` attribute is deprecated. Please use `'airflow.providers.standard.operators.bash.BashOperator'`.","category":"UserWarning","filename":"/opt/airflow/dags/orchestrate.py","lineno":3,"logger":"py.warnings"}
{"timestamp":"2026-08-09T18:30:03.590565Z","level":"info","event":"Tmp dir root location: /tmp","logger":"airflow.task.hooks.airflow.providers.standard.hooks.subprocess.SubprocessHook","filename":"subprocess.py","lineno":78}
{"timestamp":"2026-08-09T18:30:03.590918Z","level":"info","event":"Running command: ['/usr/bin/bash', '-c', 'dbt snapshot']","logger":"airflow.task.hooks.airflow.providers.standard.hooks.subprocess.SubprocessHook","filename":"subprocess.py","lineno":80}
{"timestamp":"2026-08-09T18:30:03.591860Z","level":"info","event":"Output:","logger":"airflow.task.hooks.airflow.providers.standard.hooks.subprocess.SubprocessHook","filename":"subprocess.py","lineno":92}
{"timestamp":"2026-08-09T18:30:05.849939Z","level":"info","event":"\u001b[0m18:30:05  Running with dbt=1.12.0","logger":"airflow.task.hooks.airflow.providers.standard.hooks.subprocess.SubprocessHook","filename":"subprocess.py","lineno":99}
{"timestamp":"2026-08-09T18:30:08.370409Z","level":"info","event":"\u001b[0m18:30:08  Registered adapter: databricks=1.12.3","logger":"airflow.task.hooks.airflow.providers.standard.hooks.subprocess.SubprocessHook","filename":"subprocess.py","lineno":99}
{"timestamp":"2026-08-09T18:30:09.761009Z","level":"info","event":"\u001b[0m18:30:09  Found 14 models, 5 data tests, 5 snapshots, 6 sources, 774 macros","logger":"airflow.task.hooks.airflow.providers.standard.hooks.subprocess.SubprocessHook","filename":"subprocess.py","lineno":99}
{"timestamp":"2026-08-09T18:30:09.765223Z","level":"info","event":"\u001b[0m18:30:09","logger":"airflow.task.hooks.airflow.providers.standard.hooks.subprocess.SubprocessHook","filename":"subprocess.py","lineno":99}
{"timestamp":"2026-08-09T18:30:09.766161Z","level":"info","event":"\u001b[0m18:30:09  Concurrency: 2 threads (target='dev')","logger":"airflow.task.hooks.airflow.providers.standard.hooks.subprocess.SubprocessHook","filename":"subprocess.py","lineno":99}
{"timestamp":"2026-08-09T18:30:09.766974Z","level":"info","event":"\u001b[0m18:30:09","logger":"airflow.task.hooks.airflow.providers.standard.hooks.subprocess.SubprocessHook","filename":"subprocess.py","lineno":99}
{"timestamp":"2026-08-09T18:30:25.371730Z","level":"info","event":"\u001b[0m18:30:25  2 of 5 START snapshot gold.dim_employees ....................................... [RUN]","logger":"airflow.task.hooks.airflow.providers.standard.hooks.subprocess.SubprocessHook","filename":"subprocess.py","lineno":99}
{"timestamp":"2026-08-09T18:30:25.373232Z","level":"info","event":"\u001b[0m18:30:25  1 of 5 START snapshot gold.dim_customers ....................................... [RUN]","logger":"airflow.task.hooks.airflow.providers.standard.hooks.subprocess.SubprocessHook","filename":"subprocess.py","lineno":99}
{"timestamp":"2026-08-09T18:30:42.342159Z","level":"info","event":"\u001b[0m18:30:42  2 of 5 OK snapshotted gold.dim_employees ....................................... [\u001b[32mOK\u001b[0m in 16.96s]","logger":"airflow.task.hooks.airflow.providers.standard.hooks.subprocess.SubprocessHook","filename":"subprocess.py","lineno":99}
{"timestamp":"2026-08-09T18:30:42.343803Z","level":"info","event":"\u001b[0m18:30:42  1 of 5 OK snapshotted gold.dim_customers ....................................... [\u001b[32mOK\u001b[0m in 16.96s]","logger":"airflow.task.hooks.airflow.providers.standard.hooks.subprocess.SubprocessHook","filename":"subprocess.py","lineno":99}
{"timestamp":"2026-08-09T18:30:42.351578Z","level":"info","event":"\u001b[0m18:30:42  3 of 5 START snapshot gold.dim_orders .......................................... [RUN]","logger":"airflow.task.hooks.airflow.providers.standard.hooks.subprocess.SubprocessHook","filename":"subprocess.py","lineno":99}
{"timestamp":"2026-08-09T18:30:42.353081Z","level":"info","event":"\u001b[0m18:30:42  4 of 5 START snapshot gold.dim_products ........................................ [RUN]","logger":"airflow.task.hooks.airflow.providers.standard.hooks.subprocess.SubprocessHook","filename":"subprocess.py","lineno":99}
{"timestamp":"2026-08-09T18:30:57.081861Z","level":"info","event":"\u001b[0m18:30:57  4 of 5 OK snapshotted gold.dim_products ........................................ [\u001b[32mOK\u001b[0m in 14.72s]","logger":"airflow.task.hooks.airflow.providers.standard.hooks.subprocess.SubprocessHook","filename":"subprocess.py","lineno":99}
{"timestamp":"2026-08-09T18:30:57.083728Z","level":"info","event":"\u001b[0m18:30:57  3 of 5 OK snapshotted gold.dim_orders .......................................... [\u001b[32mOK\u001b[0m in 14.72s]","logger":"airflow.task.hooks.airflow.providers.standard.hooks.subprocess.SubprocessHook","filename":"subprocess.py","lineno":99}
{"timestamp":"2026-08-09T18:30:57.099531Z","level":"info","event":"\u001b[0m18:30:57  5 of 5 START snapshot gold.dim_stores .......................................... [RUN]","logger":"airflow.task.hooks.airflow.providers.standard.hooks.subprocess.SubprocessHook","filename":"subprocess.py","lineno":99}
{"timestamp":"2026-08-09T18:31:09.671442Z","level":"info","event":"\u001b[0m18:31:09  5 of 5 OK snapshotted gold.dim_stores .......................................... [\u001b[32mOK\u001b[0m in 12.57s]","logger":"airflow.task.hooks.airflow.providers.standard.hooks.subprocess.SubprocessHook","filename":"subprocess.py","lineno":99}
{"timestamp":"2026-08-09T18:31:09.697706Z","level":"info","event":"\u001b[0m18:31:09","logger":"airflow.task.hooks.airflow.providers.standard.hooks.subprocess.SubprocessHook","filename":"subprocess.py","lineno":99}
{"timestamp":"2026-08-09T18:31:09.698865Z","level":"info","event":"\u001b[0m18:31:09  Finished running 5 snapshots in 0 hours 0 minutes and 59.93 seconds (59.93s).","logger":"airflow.task.hooks.airflow.providers.standard.hooks.subprocess.SubprocessHook","filename":"subprocess.py","lineno":99}
{"timestamp":"2026-08-09T18:31:09.879878Z","level":"info","event":"\u001b[0m18:31:09","logger":"airflow.task.hooks.airflow.providers.standard.hooks.subprocess.SubprocessHook","filename":"subprocess.py","lineno":99}
{"timestamp":"2026-08-09T18:31:09.880832Z","level":"info","event":"\u001b[0m18:31:09  \u001b[32mCompleted successfully\u001b[0m","logger":"airflow.task.hooks.airflow.providers.standard.hooks.subprocess.SubprocessHook","filename":"subprocess.py","lineno":99}
{"timestamp":"2026-08-09T18:31:09.882007Z","level":"info","event":"\u001b[0m18:31:09","logger":"airflow.task.hooks.airflow.providers.standard.hooks.subprocess.SubprocessHook","filename":"subprocess.py","lineno":99}
{"timestamp":"2026-08-09T18:31:09.883038Z","level":"info","event":"\u001b[0m18:31:09  Done. PASS=5 WARN=0 ERROR=0 SKIP=0 NO-OP=0 REUSED=0 TOTAL=5","logger":"airflow.task.hooks.airflow.providers.standard.hooks.subprocess.SubprocessHook","filename":"subprocess.py","lineno":99}
{"timestamp":"2026-08-09T18:31:12.482406Z","level":"info","event":"Command exited with return code 0","logger":"airflow.task.hooks.airflow.providers.standard.hooks.subprocess.SubprocessHook","filename":"subprocess.py","lineno":103}
{"timestamp":"2026-08-09T18:31:12.483347Z","level":"info","event":"Pushing xcom","ti":"RuntimeTaskInstance(id=UUID('019fe7c5-34ad-7641-9aba-1ea6704c81a4'), task_id='gold_dimensions', dag_id='orchestrate', run_id='manual__2026-08-09T18:24:48.772985+00:00', try_number=1, dag_version_id=UUID('019fe751-b769-7b79-a728-6e5d417bf061'), map_index=-1, hostname='34d46f8f6f90', context_carrier={'traceparent': '00-6b6ee0ce68e2770f85a0d61be1991aa6-9555a1b6384b93a6-01'}, task=<Task(BashOperator): gold_dimensions>, bundle_instance=LocalDagBundle(name=dags-folder), max_tries=0, start_date=datetime.datetime(2026, 8, 9, 18, 30, 2, 131730, tzinfo=datetime.timezone.utc), end_date=None, state=<TaskInstanceState.RUNNING: 'running'>, is_mapped=False, rendered_map_index=None, sentry_integration='')","logger":"task","filename":"task_runner.py","lineno":1724}
