{"timestamp":"2026-08-11T17:18:13.617977Z","level":"info","event":"DAG bundles loaded: dags-folder","logger":"airflow.dag_processing.bundles.manager.DagBundlesManager","filename":"manager.py","lineno":209}
{"timestamp":"2026-08-11T17:18:13.621303Z","level":"info","event":"Filling up the DagBag from /opt/airflow/dags/orchestrate.py","logger":"airflow.dag_processing.dagbag.BundleDagBag","filename":"dagbag.py","lineno":469}
{"timestamp":"2026-08-11T17:18:15.217490Z","level":"warning","event":"The `airflow.operators.bash.BashOperator` attribute is deprecated. Please use `'airflow.providers.standard.operators.bash.BashOperator'`.","category":"UserWarning","filename":"/opt/airflow/dags/orchestrate.py","lineno":3,"logger":"py.warnings"}
{"timestamp":"2026-08-11T17:18:15.252423Z","level":"info","event":"Tmp dir root location: /tmp","logger":"airflow.task.hooks.airflow.providers.standard.hooks.subprocess.SubprocessHook","filename":"subprocess.py","lineno":78}
{"timestamp":"2026-08-11T17:18:15.252772Z","level":"info","event":"Running command: ['/usr/bin/bash', '-c', 'dbt snapshot']","logger":"airflow.task.hooks.airflow.providers.standard.hooks.subprocess.SubprocessHook","filename":"subprocess.py","lineno":80}
{"timestamp":"2026-08-11T17:18:15.253694Z","level":"info","event":"Output:","logger":"airflow.task.hooks.airflow.providers.standard.hooks.subprocess.SubprocessHook","filename":"subprocess.py","lineno":92}
{"timestamp":"2026-08-11T17:18:17.650529Z","level":"info","event":"\u001b[0m17:18:17  Running with dbt=1.12.0","logger":"airflow.task.hooks.airflow.providers.standard.hooks.subprocess.SubprocessHook","filename":"subprocess.py","lineno":99}
{"timestamp":"2026-08-11T17:18:20.420088Z","level":"info","event":"\u001b[0m17:18:20  Registered adapter: databricks=1.12.3","logger":"airflow.task.hooks.airflow.providers.standard.hooks.subprocess.SubprocessHook","filename":"subprocess.py","lineno":99}
{"timestamp":"2026-08-11T17:18:21.911613Z","level":"info","event":"\u001b[0m17:18:21  Found 14 models, 5 data tests, 5 snapshots, 6 sources, 774 macros","logger":"airflow.task.hooks.airflow.providers.standard.hooks.subprocess.SubprocessHook","filename":"subprocess.py","lineno":99}
{"timestamp":"2026-08-11T17:18:21.915955Z","level":"info","event":"\u001b[0m17:18:21","logger":"airflow.task.hooks.airflow.providers.standard.hooks.subprocess.SubprocessHook","filename":"subprocess.py","lineno":99}
{"timestamp":"2026-08-11T17:18:21.916778Z","level":"info","event":"\u001b[0m17:18:21  Concurrency: 2 threads (target='dev')","logger":"airflow.task.hooks.airflow.providers.standard.hooks.subprocess.SubprocessHook","filename":"subprocess.py","lineno":99}
{"timestamp":"2026-08-11T17:18:21.917708Z","level":"info","event":"\u001b[0m17:18:21","logger":"airflow.task.hooks.airflow.providers.standard.hooks.subprocess.SubprocessHook","filename":"subprocess.py","lineno":99}
{"timestamp":"2026-08-11T17:18:38.659806Z","level":"info","event":"\u001b[0m17:18:38  1 of 5 START snapshot gold.dim_customers ....................................... [RUN]","logger":"airflow.task.hooks.airflow.providers.standard.hooks.subprocess.SubprocessHook","filename":"subprocess.py","lineno":99}
{"timestamp":"2026-08-11T17:18:38.664856Z","level":"info","event":"\u001b[0m17:18:38  2 of 5 START snapshot gold.dim_employees ....................................... [RUN]","logger":"airflow.task.hooks.airflow.providers.standard.hooks.subprocess.SubprocessHook","filename":"subprocess.py","lineno":99}
{"timestamp":"2026-08-11T17:18:55.866163Z","level":"info","event":"\u001b[0m17:18:55  1 of 5 OK snapshotted gold.dim_customers ....................................... [\u001b[32mOK\u001b[0m in 17.19s]","logger":"airflow.task.hooks.airflow.providers.standard.hooks.subprocess.SubprocessHook","filename":"subprocess.py","lineno":99}
{"timestamp":"2026-08-11T17:18:55.873438Z","level":"info","event":"\u001b[0m17:18:55  3 of 5 START snapshot gold.dim_orders .......................................... [RUN]","logger":"airflow.task.hooks.airflow.providers.standard.hooks.subprocess.SubprocessHook","filename":"subprocess.py","lineno":99}
{"timestamp":"2026-08-11T17:18:57.594703Z","level":"info","event":"\u001b[0m17:18:57  2 of 5 OK snapshotted gold.dim_employees ....................................... [\u001b[32mOK\u001b[0m in 18.92s]","logger":"airflow.task.hooks.airflow.providers.standard.hooks.subprocess.SubprocessHook","filename":"subprocess.py","lineno":99}
{"timestamp":"2026-08-11T17:18:57.607036Z","level":"info","event":"\u001b[0m17:18:57  4 of 5 START snapshot gold.dim_products ........................................ [RUN]","logger":"airflow.task.hooks.airflow.providers.standard.hooks.subprocess.SubprocessHook","filename":"subprocess.py","lineno":99}
{"timestamp":"2026-08-11T17:19:11.228798Z","level":"info","event":"\u001b[0m17:19:11  3 of 5 OK snapshotted gold.dim_orders .......................................... [\u001b[32mOK\u001b[0m in 15.35s]","logger":"airflow.task.hooks.airflow.providers.standard.hooks.subprocess.SubprocessHook","filename":"subprocess.py","lineno":99}
{"timestamp":"2026-08-11T17:19:11.232766Z","level":"info","event":"\u001b[0m17:19:11  5 of 5 START snapshot gold.dim_stores .......................................... [RUN]","logger":"airflow.task.hooks.airflow.providers.standard.hooks.subprocess.SubprocessHook","filename":"subprocess.py","lineno":99}
{"timestamp":"2026-08-11T17:19:13.680667Z","level":"info","event":"\u001b[0m17:19:13  4 of 5 OK snapshotted gold.dim_products ........................................ [\u001b[32mOK\u001b[0m in 16.06s]","logger":"airflow.task.hooks.airflow.providers.standard.hooks.subprocess.SubprocessHook","filename":"subprocess.py","lineno":99}
{"timestamp":"2026-08-11T17:19:25.863619Z","level":"info","event":"\u001b[0m17:19:25  5 of 5 OK snapshotted gold.dim_stores .......................................... [\u001b[32mOK\u001b[0m in 14.62s]","logger":"airflow.task.hooks.airflow.providers.standard.hooks.subprocess.SubprocessHook","filename":"subprocess.py","lineno":99}
{"timestamp":"2026-08-11T17:19:25.876099Z","level":"info","event":"\u001b[0m17:19:25","logger":"airflow.task.hooks.airflow.providers.standard.hooks.subprocess.SubprocessHook","filename":"subprocess.py","lineno":99}
{"timestamp":"2026-08-11T17:19:25.877760Z","level":"info","event":"\u001b[0m17:19:25  Finished running 5 snapshots in 0 hours 1 minutes and 3.96 seconds (63.96s).","logger":"airflow.task.hooks.airflow.providers.standard.hooks.subprocess.SubprocessHook","filename":"subprocess.py","lineno":99}
{"timestamp":"2026-08-11T17:19:26.089947Z","level":"info","event":"\u001b[0m17:19:26","logger":"airflow.task.hooks.airflow.providers.standard.hooks.subprocess.SubprocessHook","filename":"subprocess.py","lineno":99}
{"timestamp":"2026-08-11T17:19:26.090777Z","level":"info","event":"\u001b[0m17:19:26  \u001b[32mCompleted successfully\u001b[0m","logger":"airflow.task.hooks.airflow.providers.standard.hooks.subprocess.SubprocessHook","filename":"subprocess.py","lineno":99}
{"timestamp":"2026-08-11T17:19:26.091577Z","level":"info","event":"\u001b[0m17:19:26","logger":"airflow.task.hooks.airflow.providers.standard.hooks.subprocess.SubprocessHook","filename":"subprocess.py","lineno":99}
{"timestamp":"2026-08-11T17:19:26.092484Z","level":"info","event":"\u001b[0m17:19:26  Done. PASS=5 WARN=0 ERROR=0 SKIP=0 NO-OP=0 REUSED=0 TOTAL=5","logger":"airflow.task.hooks.airflow.providers.standard.hooks.subprocess.SubprocessHook","filename":"subprocess.py","lineno":99}
{"timestamp":"2026-08-11T17:19:29.284088Z","level":"info","event":"Command exited with return code 0","logger":"airflow.task.hooks.airflow.providers.standard.hooks.subprocess.SubprocessHook","filename":"subprocess.py","lineno":103}
{"timestamp":"2026-08-11T17:19:29.284778Z","level":"info","event":"Pushing xcom","ti":"RuntimeTaskInstance(id=UUID('019ff1cf-ecf3-723e-b792-44870e7f720d'), task_id='gold_dimensions', dag_id='orchestrate', run_id='manual__2026-08-11T17:12:43.450907+00:00', try_number=1, dag_version_id=UUID('019fe751-b769-7b79-a728-6e5d417bf061'), map_index=-1, hostname='34d46f8f6f90', context_carrier={'traceparent': '00-95536c1a8a78f7e026e58bbf19a26084-dd09fe59e4fb09d7-01'}, task=<Task(BashOperator): gold_dimensions>, bundle_instance=LocalDagBundle(name=dags-folder), max_tries=0, start_date=datetime.datetime(2026, 8, 11, 17, 18, 13, 567544, tzinfo=datetime.timezone.utc), end_date=None, state=<TaskInstanceState.RUNNING: 'running'>, is_mapped=False, rendered_map_index=None, sentry_integration='')","logger":"task","filename":"task_runner.py","lineno":1724}
