{"timestamp":"2026-08-09T16:22:13.270481Z","level":"info","event":"DAG bundles loaded: dags-folder","logger":"airflow.dag_processing.bundles.manager.DagBundlesManager","filename":"manager.py","lineno":209}
{"timestamp":"2026-08-09T16:22:13.277691Z","level":"info","event":"Filling up the DagBag from /opt/airflow/dags/orchestrate.py","logger":"airflow.dag_processing.dagbag.BundleDagBag","filename":"dagbag.py","lineno":469}
{"timestamp":"2026-08-09T16:22:13.360930Z","level":"warning","event":"The `airflow.operators.bash.BashOperator` attribute is deprecated. Please use `'airflow.providers.standard.operators.bash.BashOperator'`.","category":"UserWarning","filename":"/opt/airflow/dags/orchestrate.py","lineno":2,"logger":"py.warnings"}
{"timestamp":"2026-08-09T16:22:13.393250Z","level":"info","event":"Tmp dir root location: /tmp","logger":"airflow.task.hooks.airflow.providers.standard.hooks.subprocess.SubprocessHook","filename":"subprocess.py","lineno":78}
{"timestamp":"2026-08-09T16:22:13.393449Z","level":"info","event":"Running command: ['/usr/bin/bash', '-c', 'dbt snapshot']","logger":"airflow.task.hooks.airflow.providers.standard.hooks.subprocess.SubprocessHook","filename":"subprocess.py","lineno":80}
{"timestamp":"2026-08-09T16:22:13.394464Z","level":"info","event":"Output:","logger":"airflow.task.hooks.airflow.providers.standard.hooks.subprocess.SubprocessHook","filename":"subprocess.py","lineno":92}
{"timestamp":"2026-08-09T16:22:15.852680Z","level":"info","event":"\u001b[0m16:22:15  Running with dbt=1.12.0","logger":"airflow.task.hooks.airflow.providers.standard.hooks.subprocess.SubprocessHook","filename":"subprocess.py","lineno":99}
{"timestamp":"2026-08-09T16:22:18.463745Z","level":"info","event":"\u001b[0m16:22:18  Registered adapter: databricks=1.12.3","logger":"airflow.task.hooks.airflow.providers.standard.hooks.subprocess.SubprocessHook","filename":"subprocess.py","lineno":99}
{"timestamp":"2026-08-09T16:22:20.823292Z","level":"info","event":"\u001b[0m16:22:20  Found 14 models, 5 data tests, 5 snapshots, 6 sources, 774 macros","logger":"airflow.task.hooks.airflow.providers.standard.hooks.subprocess.SubprocessHook","filename":"subprocess.py","lineno":99}
{"timestamp":"2026-08-09T16:22:20.828383Z","level":"info","event":"\u001b[0m16:22:20","logger":"airflow.task.hooks.airflow.providers.standard.hooks.subprocess.SubprocessHook","filename":"subprocess.py","lineno":99}
{"timestamp":"2026-08-09T16:22:20.829488Z","level":"info","event":"\u001b[0m16:22:20  Concurrency: 2 threads (target='dev')","logger":"airflow.task.hooks.airflow.providers.standard.hooks.subprocess.SubprocessHook","filename":"subprocess.py","lineno":99}
{"timestamp":"2026-08-09T16:22:20.830563Z","level":"info","event":"\u001b[0m16:22:20","logger":"airflow.task.hooks.airflow.providers.standard.hooks.subprocess.SubprocessHook","filename":"subprocess.py","lineno":99}
{"timestamp":"2026-08-09T16:22:37.789977Z","level":"info","event":"\u001b[0m16:22:37  1 of 5 START snapshot gold.dim_customers ....................................... [RUN]","logger":"airflow.task.hooks.airflow.providers.standard.hooks.subprocess.SubprocessHook","filename":"subprocess.py","lineno":99}
{"timestamp":"2026-08-09T16:22:37.793209Z","level":"info","event":"\u001b[0m16:22:37  2 of 5 START snapshot gold.dim_employees ....................................... [RUN]","logger":"airflow.task.hooks.airflow.providers.standard.hooks.subprocess.SubprocessHook","filename":"subprocess.py","lineno":99}
{"timestamp":"2026-08-09T16:22:55.057087Z","level":"info","event":"\u001b[0m16:22:55  2 of 5 OK snapshotted gold.dim_employees ....................................... [\u001b[32mOK\u001b[0m in 17.25s]","logger":"airflow.task.hooks.airflow.providers.standard.hooks.subprocess.SubprocessHook","filename":"subprocess.py","lineno":99}
{"timestamp":"2026-08-09T16:22:55.060399Z","level":"info","event":"\u001b[0m16:22:55  1 of 5 OK snapshotted gold.dim_customers ....................................... [\u001b[32mOK\u001b[0m in 17.26s]","logger":"airflow.task.hooks.airflow.providers.standard.hooks.subprocess.SubprocessHook","filename":"subprocess.py","lineno":99}
{"timestamp":"2026-08-09T16:22:55.076419Z","level":"info","event":"\u001b[0m16:22:55  3 of 5 START snapshot gold.dim_orders .......................................... [RUN]","logger":"airflow.task.hooks.airflow.providers.standard.hooks.subprocess.SubprocessHook","filename":"subprocess.py","lineno":99}
{"timestamp":"2026-08-09T16:22:55.080663Z","level":"info","event":"\u001b[0m16:22:55  4 of 5 START snapshot gold.dim_products ........................................ [RUN]","logger":"airflow.task.hooks.airflow.providers.standard.hooks.subprocess.SubprocessHook","filename":"subprocess.py","lineno":99}
{"timestamp":"2026-08-09T16:23:10.549236Z","level":"info","event":"\u001b[0m16:23:10  4 of 5 OK snapshotted gold.dim_products ........................................ [\u001b[32mOK\u001b[0m in 15.46s]","logger":"airflow.task.hooks.airflow.providers.standard.hooks.subprocess.SubprocessHook","filename":"subprocess.py","lineno":99}
{"timestamp":"2026-08-09T16:23:10.554428Z","level":"info","event":"\u001b[0m16:23:10  3 of 5 OK snapshotted gold.dim_orders .......................................... [\u001b[32mOK\u001b[0m in 15.46s]","logger":"airflow.task.hooks.airflow.providers.standard.hooks.subprocess.SubprocessHook","filename":"subprocess.py","lineno":99}
{"timestamp":"2026-08-09T16:23:10.569994Z","level":"info","event":"\u001b[0m16:23:10  5 of 5 START snapshot gold.dim_stores .......................................... [RUN]","logger":"airflow.task.hooks.airflow.providers.standard.hooks.subprocess.SubprocessHook","filename":"subprocess.py","lineno":99}
{"timestamp":"2026-08-09T16:23:24.166329Z","level":"info","event":"\u001b[0m16:23:24  5 of 5 OK snapshotted gold.dim_stores .......................................... [\u001b[32mOK\u001b[0m in 13.59s]","logger":"airflow.task.hooks.airflow.providers.standard.hooks.subprocess.SubprocessHook","filename":"subprocess.py","lineno":99}
{"timestamp":"2026-08-09T16:23:24.175879Z","level":"info","event":"\u001b[0m16:23:24","logger":"airflow.task.hooks.airflow.providers.standard.hooks.subprocess.SubprocessHook","filename":"subprocess.py","lineno":99}
{"timestamp":"2026-08-09T16:23:24.177782Z","level":"info","event":"\u001b[0m16:23:24  Finished running 5 snapshots in 0 hours 1 minutes and 3.34 seconds (63.34s).","logger":"airflow.task.hooks.airflow.providers.standard.hooks.subprocess.SubprocessHook","filename":"subprocess.py","lineno":99}
{"timestamp":"2026-08-09T16:23:24.421372Z","level":"info","event":"\u001b[0m16:23:24","logger":"airflow.task.hooks.airflow.providers.standard.hooks.subprocess.SubprocessHook","filename":"subprocess.py","lineno":99}
{"timestamp":"2026-08-09T16:23:24.422589Z","level":"info","event":"\u001b[0m16:23:24  \u001b[32mCompleted successfully\u001b[0m","logger":"airflow.task.hooks.airflow.providers.standard.hooks.subprocess.SubprocessHook","filename":"subprocess.py","lineno":99}
{"timestamp":"2026-08-09T16:23:24.423445Z","level":"info","event":"\u001b[0m16:23:24","logger":"airflow.task.hooks.airflow.providers.standard.hooks.subprocess.SubprocessHook","filename":"subprocess.py","lineno":99}
{"timestamp":"2026-08-09T16:23:24.424437Z","level":"info","event":"\u001b[0m16:23:24  Done. PASS=5 WARN=0 ERROR=0 SKIP=0 NO-OP=0 REUSED=0 TOTAL=5","logger":"airflow.task.hooks.airflow.providers.standard.hooks.subprocess.SubprocessHook","filename":"subprocess.py","lineno":99}
{"timestamp":"2026-08-09T16:23:27.733691Z","level":"info","event":"Command exited with return code 0","logger":"airflow.task.hooks.airflow.providers.standard.hooks.subprocess.SubprocessHook","filename":"subprocess.py","lineno":103}
{"timestamp":"2026-08-09T16:23:27.734233Z","level":"info","event":"Pushing xcom","ti":"RuntimeTaskInstance(id=UUID('019fe751-e2d9-7940-badc-ff43953a0a5b'), task_id='gold_dimensions', dag_id='orchestrate', run_id='manual__2026-08-09T16:18:51.198000+00:00', try_number=1, dag_version_id=UUID('019fe751-b769-7b79-a728-6e5d417bf061'), map_index=-1, hostname='34d46f8f6f90', context_carrier={'traceparent': '00-611bf4315712abaf9a857a0ab4bb17a3-a997c80cfd187418-01'}, task=<Task(BashOperator): gold_dimensions>, bundle_instance=LocalDagBundle(name=dags-folder), max_tries=0, start_date=datetime.datetime(2026, 8, 9, 16, 22, 13, 223469, tzinfo=datetime.timezone.utc), end_date=None, state=<TaskInstanceState.RUNNING: 'running'>, is_mapped=False, rendered_map_index=None, sentry_integration='')","logger":"task","filename":"task_runner.py","lineno":1724}
